// Jest Snapshot v1, https://goo.gl/fbAQLP

exports[`match snapshot 1`] = `
<div
  className="button-style"
  data-testid="button"
>
  save
</div>
`;
